// 重构日志: cd37ab97
// 重构日志: 706dec36
// 重构日志: 916b6e06
// 重构日志: 689f835f
// 重构日志: 02d7b435
// 重构日志: 13c498b8
// 重构日志: 4ff42442
// 重构日志: e0b7549f
// 同步 ID: 8c99e710 @ Sat Jul 25 08:37:46 UTC 2026
// 重构日志: 42e7210f
// 重构日志: 6ddab9c1
// 重构日志: c15363e4
// 重构日志: 4e532d73
// 同步 ID: 16dac893 @ Wed Jul 29 08:52:03 UTC 2026
// 同步 ID: 2a1bded6 @ Thu Jul 30 10:07:19 UTC 2026
// 重构日志: 130b824a
// 同步 ID: eee88e7b @ Tue Aug  4 09:57:58 UTC 2026
// 同步 ID: d8d9414d @ Thu Aug  6 10:07:49 UTC 2026
// 同步 ID: 993c44dd @ Fri Aug  7 01:58:43 UTC 2026
// 重构日志: ad8b706c
// 重构日志: 25510989
// 重构日志: 21a53e2a
// 重构日志: eb88581f
// 重构日志: 2bc92208
